// Jest Snapshot v1, https://goo.gl/fbAQLP

exports[`[Rectangle] should draw rectangle in the middle 1`] = `"data:image/png;base64,iVBORw0KGgoAAAANSUhEUgAAAGQAAABkCAYAAABw4pVUAAAAAXNSR0IArs4c6QAAAgpJREFUeF7t2NtOK0EQQ1H4/48+CAkdULjITy4jVp5LcmXvdk8mz08+UwSep7axzBMhY4eAEELGCIytoyGEjBEYW0dDCBkjMLaOhhAyRmBsHQ0hZIzA2DoaQsgYgbF1NISQMQJj62gIIWMExtbREELGCIytoyGEjBEYW0dDCBkjMLaOhhAyRmBsHQ0hZIzA2DoaQsgYgbF1NISQMQJj62gIIWMExtbREELGCIytoyGEjBEYW0dDCPlP4N8Yi8d1Tg7rSejbNyfkixNJyPc1PWFzEqohY6fgGyGXh+N1pccr9GSfk1BCNCT5QachD5Qu2+rKWrmzPxwKDdGQzzfp5TUxcSI15J0AIeNv6pdt9VD3UP/6l/jlqXRlubJ+fD+cOCBLDUneppszJ2xOQv3b+zv+y2qe/iTr5LCehGrIZkOSU/rnZi4b8udgJ1+YkIRScYaQIuwkipCEUnGGkCLsJIqQhFJxhpAi7CSKkIRScYaQIuwkipCEUnGGkCLsJIqQhFJxhpAi7CSKkIRScYaQIuwkipCEUnGGkCLsJIqQhFJxhpAi7CSKkIRScYaQIuwkipCEUnGGkCLsJIqQhFJxhpAi7CSKkIRScYaQIuwkipCEUnGGkCLsJIqQhFJxhpAi7CSKkIRScYaQIuwkipCEUnGGkCLsJIqQhFJxhpAi7CSKkIRScYaQIuwk6gUhYSBl3MCJmAAAAABJRU5ErkJggg=="`;

exports[`[Rectangle] should draw square on bottom right corner 1`] = `"data:image/png;base64,iVBORw0KGgoAAAANSUhEUgAAAGQAAABkCAYAAABw4pVUAAAAAXNSR0IArs4c6QAAAYdJREFUeF7t2DEOg0AQxVC4/6GhRNCtZgsLvfSMHJuvSDkPn5SBM0UD5hAk9hIIIkjMQAzHQgSJGYjhWIggMQMxHAsRJGYghmMhgsQMxHAsRJCYgRiOhQgSMxDDsRBBYgZiOBYiSMxADMdCBIkZiOFYiCAxAzEcCxEkZiCGYyGCxAzEcCxEkJiBGI6FCBIzEMOxEEFiBmI4FiJIzEAMx0IEiRmI4ViIIDEDMRwLESRmIIZjIYLEDMRwLESQmIEYjoUIEjMQw7EQQWIGYjgWIkjMQAzHQgSJGYjhWIggMQMxHAsRJGYghmMhgsQMxHAsRJCYgRiOhQgSMxDDsRBBYgZiOBYiSMxADMdCBIkZiOFYiCAxAzEcCxEkZiCGYyGCxAzEcCxEkJiBGI6FCBIzMMe55ieeCxYytynI3OHWC4Js1Tk/Jsjc4dYL3yCrPwOv51cf3vpNfnJMkFhIQQSJGYjhWIggMQMxHAsRJGYghmMhgsQMxHAsRJCYgRiOPxcFiRmI4VjIn4PcQ6sgUZ8oVqIAAAAASUVORK5CYII="`;

exports[`[Rectangle] should draw square on top left corner 1`] = `"data:image/png;base64,iVBORw0KGgoAAAANSUhEUgAAAGQAAABkCAYAAABw4pVUAAAAAXNSR0IArs4c6QAAAalJREFUeF7t2EEKwgAUxND2/odWupVuCgNGfO79hsRR6Hkcx+vYvs7tuf+6dskTJNRckFCMC0WQHwjy9D/g8yfv6ftjSr6Lc7eQp0IFGTYUZChzcUqQhcXhDUGGMhenBFlYHN4QZChzcUqQhcXhDUGGMhenBFlYHN4QZChzcUqQhcXhDQ8XhzIXpwRZWBzeEGQoc3FKkIXF4Y2nj9qHH+3UnQFBYt8LQQSJGYjhWIggMQMxHAsRJGYghmMhgsQMxHAsRJCYgRiOhQgSMxDDsRBBYgZiOBYiSMxADMdCBIkZiOFYiCAxAzEcCxEkZiCGYyGCxAzEcCxEkJiBGI6FCBIzEMOxEEFiBmI4FiJIzEAMx0IEiRmI4ViIIDEDMRwLESRmIIZjIYLEDMRwLESQmIEYjoUIEjMQw7EQQWIGYjgWIkjMQAzHQgSJGYjhWIggMQMxHAsRJGYghmMhgsQMxHAsRJCYgRiOhQgSMxDDsRBBYgZiOBYiSMxADMdCBIkZiOFYiCAxAzEcCxEkZiCGYyGCxAzEcCxEkJiBGI6FCBIzEMOxEEFiBmI4b1p5IGUONKIcAAAAAElFTkSuQmCC"`;
